// Jest Snapshot v1, https://goo.gl/fbAQLP

exports[`Home page Can render Smoothly 1`] = `
<div
  className="center-place"
>
  <h1>
    React Scratch by
    <a
      href="https://www.linkedin.com/in/syafilm/"
      rel="noopener noreferrer"
      target="_blank"
    >
      Â Syafil M
    </a>
  </h1>
</div>
`;
